// Jest Snapshot v1, https://goo.gl/fbAQLP

exports[`<ErrorBoundary> default 1`] = `
<div
  class="ErrorBoundary"
>
  <h1>
    Something went wrong!
  </h1>
  <p
    style="color: red;"
  >
    <b>
      ERROR: 
    </b>
    Boom
  </p>
</div>
`;
